// Vitest Snapshot v1, https://vitest.dev/guide/snapshot.html

exports[`base tag > Declarative API > sets base tag based on deepest nested component 1`] = `"<base href="http://mysite.com/public" data-rh="true">"`;
