// Vitest Snapshot v1, https://vitest.dev/guide/snapshot.html

exports[`style tags > Declarative API > updates style tags 1`] = `
"<style type="text/css" data-rh="true">
            body {
                background-color: green;
            }
        </style>"
`;

exports[`style tags > Declarative API > updates style tags 2`] = `
"<style data-rh="true">
            p {
                font-size: 12px;
            }
        </style>"
`;
