// Vitest Snapshot v1, https://vitest.dev/guide/snapshot.html

exports[`fragments > parses Fragments 1`] = `"Hello"`;

exports[`fragments > parses nested Fragments 1`] = `"Baz"`;
