// Vitest Snapshot v1, https://vitest.dev/guide/snapshot.html

exports[`server > Declarative API > renders base tag as React component 1`] = `"<base target="_blank" href="http://localhost/" data-rh="true"/>"`;

exports[`server > Declarative API > renders base tags as string 1`] = `"<base target="_blank" href="http://localhost/" data-rh="true"/>"`;
