// Vitest Snapshot v1, https://vitest.dev/guide/snapshot.html

exports[`server > Declarative API > renders link tags as React components 1`] = `"<link href="http://localhost/helmet" rel="canonical" data-rh="true"/><link href="http://localhost/style.css" rel="stylesheet" type="text/css" data-rh="true"/>"`;

exports[`server > Declarative API > renders link tags as string 1`] = `"<link href="http://localhost/helmet" rel="canonical" data-rh="true"/><link href="http://localhost/style.css" rel="stylesheet" type="text/css" data-rh="true"/>"`;
