// Vitest Snapshot v1, https://vitest.dev/guide/snapshot.html

exports[`server > Declarative API > renders noscript tags as React components 1`] = `"<noscript id="foo" data-rh="true"><link rel="stylesheet" type="text/css" href="/style.css"/></noscript><noscript id="bar" data-rh="true"><link rel="stylesheet" type="text/css" href="/style2.css"/></noscript>"`;
