// Vitest Snapshot v1, https://vitest.dev/guide/snapshot.html

exports[`server > Declarative API > renders style tags as React components 1`] = `"<style type="text/css" data-rh="true">body {background-color: green;}</style><style type="text/css" data-rh="true">p {font-size: 12px;}</style>"`;

exports[`server > Declarative API > renders style tags as string 1`] = `"<style type="text/css" data-rh="true">body {background-color: green;}</style><style type="text/css" data-rh="true">p {font-size: 12px;}</style>"`;
